// Jest Snapshot v1, https://goo.gl/fbAQLP

exports[`renders when there is item 1`] = `
Object {
  "asFragment": [Function],
  "baseElement": <body>
    <div>
      <div
        class="calculator__container"
      >
        <h3>
          Let do some Maths!
        </h3>
        <div
          class="calculator"
        >
          <div
            class="calculator__Ui"
          >
            <div
              class="screen"
            >
              0
            </div>
            <div
              class="calculator__keys"
            >
              <button
                type="button"
              >
                <span
                  class="front"
                >
                  AC
                </span>
              </button>
              <button
                type="button"
              >
                <span
                  class="front"
                >
                  +/-
                </span>
              </button>
              <button
                type="button"
              >
                <span
                  class="front"
                >
                  %
                </span>
              </button>
              <button
                type="button"
              >
                <span
                  class="front"
                >
                  รท
                </span>
              </button>
              <button
                type="button"
              >
                <span
                  class="front"
                >
                  7
                </span>
              </button>
              <button
                type="button"
              >
                <span
                  class="front"
                >
                  8
                </span>
              </button>
              <button
                type="button"
              >
                <span
                  class="front"
                >
                  9
                </span>
              </button>
              <button
                type="button"
              >
                <span
                  class="front"
                >
                  x
                </span>
              </button>
              <button
                type="button"
              >
                <span
                  class="front"
                >
                  6
                </span>
              </button>
              <button
                type="button"
              >
                <span
                  class="front"
                >
                  5
                </span>
              </button>
              <button
                type="button"
              >
                <span
                  class="front"
                >
                  4
                </span>
              </button>
              <button
                type="button"
              >
                <span
                  class="front"
                >
                  -
                </span>
              </button>
              <button
                type="button"
              >
                <span
                  class="front"
                >
                  3
                </span>
              </button>
              <button
                type="button"
              >
                <span
                  class="front"
                >
                  2
                </span>
              </button>
              <button
                type="button"
              >
                <span
                  class="front"
                >
                  1
                </span>
              </button>
              <button
                type="button"
              >
                <span
                  class="front"
                >
                  +
                </span>
              </button>
              <button
                type="button"
              >
                <span
                  class="front"
                >
                  0
                </span>
              </button>
              <button
                type="button"
              >
                <span
                  class="front"
                >
                  .
                </span>
              </button>
              <button
                type="button"
              >
                <span
                  class="front"
                >
                  =
                </span>
              </button>
            </div>
          </div>
        </div>
      </div>
    </div>
  </body>,
  "container": <div>
    <div
      class="calculator__container"
    >
      <h3>
        Let do some Maths!
      </h3>
      <div
        class="calculator"
      >
        <div
          class="calculator__Ui"
        >
          <div
            class="screen"
          >
            0
          </div>
          <div
            class="calculator__keys"
          >
            <button
              type="button"
            >
              <span
                class="front"
              >
                AC
              </span>
            </button>
            <button
              type="button"
            >
              <span
                class="front"
              >
                +/-
              </span>
            </button>
            <button
              type="button"
            >
              <span
                class="front"
              >
                %
              </span>
            </button>
            <button
              type="button"
            >
              <span
                class="front"
              >
                รท
              </span>
            </button>
            <button
              type="button"
            >
              <span
                class="front"
              >
                7
              </span>
            </button>
            <button
              type="button"
            >
              <span
                class="front"
              >
                8
              </span>
            </button>
            <button
              type="button"
            >
              <span
                class="front"
              >
                9
              </span>
            </button>
            <button
              type="button"
            >
              <span
                class="front"
              >
                x
              </span>
            </button>
            <button
              type="button"
            >
              <span
                class="front"
              >
                6
              </span>
            </button>
            <button
              type="button"
            >
              <span
                class="front"
              >
                5
              </span>
            </button>
            <button
              type="button"
            >
              <span
                class="front"
              >
                4
              </span>
            </button>
            <button
              type="button"
            >
              <span
                class="front"
              >
                -
              </span>
            </button>
            <button
              type="button"
            >
              <span
                class="front"
              >
                3
              </span>
            </button>
            <button
              type="button"
            >
              <span
                class="front"
              >
                2
              </span>
            </button>
            <button
              type="button"
            >
              <span
                class="front"
              >
                1
              </span>
            </button>
            <button
              type="button"
            >
              <span
                class="front"
              >
                +
              </span>
            </button>
            <button
              type="button"
            >
              <span
                class="front"
              >
                0
              </span>
            </button>
            <button
              type="button"
            >
              <span
                class="front"
              >
                .
              </span>
            </button>
            <button
              type="button"
            >
              <span
                class="front"
              >
                =
              </span>
            </button>
          </div>
        </div>
      </div>
    </div>
  </div>,
  "debug": [Function],
  "findAllByAltText": [Function],
  "findAllByDisplayValue": [Function],
  "findAllByLabelText": [Function],
  "findAllByPlaceholderText": [Function],
  "findAllByRole": [Function],
  "findAllByTestId": [Function],
  "findAllByText": [Function],
  "findAllByTitle": [Function],
  "findByAltText": [Function],
  "findByDisplayValue": [Function],
  "findByLabelText": [Function],
  "findByPlaceholderText": [Function],
  "findByRole": [Function],
  "findByTestId": [Function],
  "findByText": [Function],
  "findByTitle": [Function],
  "getAllByAltText": [Function],
  "getAllByDisplayValue": [Function],
  "getAllByLabelText": [Function],
  "getAllByPlaceholderText": [Function],
  "getAllByRole": [Function],
  "getAllByTestId": [Function],
  "getAllByText": [Function],
  "getAllByTitle": [Function],
  "getByAltText": [Function],
  "getByDisplayValue": [Function],
  "getByLabelText": [Function],
  "getByPlaceholderText": [Function],
  "getByRole": [Function],
  "getByTestId": [Function],
  "getByText": [Function],
  "getByTitle": [Function],
  "queryAllByAltText": [Function],
  "queryAllByDisplayValue": [Function],
  "queryAllByLabelText": [Function],
  "queryAllByPlaceholderText": [Function],
  "queryAllByRole": [Function],
  "queryAllByTestId": [Function],
  "queryAllByText": [Function],
  "queryAllByTitle": [Function],
  "queryByAltText": [Function],
  "queryByDisplayValue": [Function],
  "queryByLabelText": [Function],
  "queryByPlaceholderText": [Function],
  "queryByRole": [Function],
  "queryByTestId": [Function],
  "queryByText": [Function],
  "queryByTitle": [Function],
  "rerender": [Function],
  "unmount": [Function],
}
`;
